2026-09-23T12:38:28Z
Supported Browser Use close scoped to leased fixture session; no --all or manual process kill
No active browser session
Release owned browser slot without delete-profile
Released pibo-chat-slot-001
Remove owned disposable managed static Preview
{
  "removed": true,
  "preview": {
    "id": "pv-1a04a86717eaab4704",
    "piboSessionId": "ps_7437ab18-1ea8-4747-aa58-e6ef50024cd7",
    "label": "K07 owned copy modules",
    "targetHost": "127.0.0.1",
    "targetPort": 45127,
    "workspace": "$RUN/browser-persistence/copy",
    "managementMode": "managed",
    "proxyMode": "standard",
    "serverState": "stopped",
    "serverStartedAt": "2026-09-23T12:20:15.527Z",
    "serverStopAt": "2026-09-23T12:30:15.527Z",
    "serverStoppedAt": "2026-09-23T12:38:30.412Z",
    "createdAt": "2026-09-23T12:20:15.513Z",
    "expiresAt": "2026-09-23T13:10:15.513Z",
    "closedAt": "2026-09-23T12:38:30.412Z"
  }
}
2026-09-23T12:38:30Z
