This is a focused batch, not a full suite or installation test.
Narrow copy/draft/browser fixture types passed
✔ prepared wire body is persisted before send, immutable across reload and storage-failure atomic (350.23906ms)
✔ a matched receipt ID or echoed fingerprint cannot consume missing or different local content (227.383676ms)
✔ all admitted command states consume matching revisions once, independently of model outcome (242.402137ms)
✔ submission must contain the bound snapshot and corrupted persisted proofs fail closed (223.952625ms)
✔ synchronous commands preserve public Promise rejection and add/update/remove behavior (362.797202ms)
✔ transaction-local transitions capture the engine serializer and never replace corrupt text (260.482467ms)
✔ detached read views preserve frozen retry bodies and consume only frozen revisions (278.920896ms)
✔ memory byte seam is immutable and detached without claiming IndexedDB durability (248.26986ms)
✔ legacy synchronous adapter never falls back to unowned content on login (255.511585ms)
✔ core draft add persists reload-proof snapshots with exact revisions (223.150667ms)
✔ open transactions bind exactly one original snapshot per id (217.202141ms)
✔ acceptance persists atomically and survives reload (226.344818ms)
✔ caller snapshots are validated against the bound original (213.658295ms)
✔ transaction ids match the server normalizer (459.602661ms)
✔ envelopes are validated and storage keeps the last good state (250.930722ms)
✔ attachment ids stay unique across generation and load (217.208245ms)
✔ failed mutations keep state and recover through retry (216.069221ms)
✔ draft sessions stay isolated and media metadata survives reload; byte resolvability deferred to RV-02/05/07 (218.69972ms)
✔ writers reject values the loader would refuse (220.945212ms)
✔ null, malformed and cyclic inputs fail controlled without state damage (321.300263ms)
✔ failed freeze stores nothing and heals into a normal transaction (221.856667ms)
✔ uiState-only edits keep the frozen transaction idempotent (232.406428ms)
✔ reissued ids survive stale duplicate receipts (224.582343ms)
✔ payload updates keep stored uiState across reload (223.131951ms)
✔ revision exhaustion preserves persisted drafts, open transactions and UI-only edits (216.203025ms)
ℹ tests 25
ℹ suites 0
ℹ pass 25
ℹ fail 0
ℹ cancelled 0
ℹ skipped 0
ℹ todo 0
ℹ duration_ms 6480.245785
Owned copy module fixture bundle emitted; not application build
