This is a focused batch, not a full suite or installation test.

> @pasko70/pibo@1.7.2 docs:indexes:write
> node scripts/generate-okf-indexes.mjs

OKF index generation: PASS
Managed indexes: 111; drift: 0
npm notice
npm notice New major version of npm available! 11.19.0 -> 12.0.2
npm notice Changelog: https://github.com/npm/cli/releases/tag/v12.0.2
npm notice To update run: npm install -g npm@12.0.2
npm notice

> @pasko70/pibo@1.7.2 docs:validate
> npm run docs:validate:strict


> @pasko70/pibo@1.7.2 docs:validate:strict
> node scripts/validate-okf-docs.mjs --mode strict

OKF strict validation: PASS
Markdown paths: 869 (git)
Ledger records: 869
States: conformant=709 reserved=112 pending=0 host-exception=48
Errors: 0; warnings: 0

> @pasko70/pibo@1.7.2 docs:validate:okf
> node scripts/validate-okf-docs.mjs --mode core

OKF core validation: PASS
Markdown paths: 821 (git)
Errors: 0; warnings: 0

> @pasko70/pibo@1.7.2 docs:validate:migration
> node scripts/validate-okf-docs.mjs --mode migration

OKF migration validation: PASS
Markdown paths: 869 (git)
Ledger records: 869
States: conformant=709 reserved=112 pending=0 host-exception=48
Errors: 0; warnings: 0

> @pasko70/pibo@1.7.2 docs:indexes:check
> node scripts/generate-okf-indexes.mjs --check

OKF index check: PASS
Managed indexes: 111; drift: 0

> @pasko70/pibo@1.7.2 docs:log:check
> node scripts/check-okf-log.mjs

OKF log check: PASS

> @pasko70/pibo@1.7.2 docs:validator:test
> node --test test/okf-validator.test.mjs test/okf-authoring-guidance.test.mjs

✔ repository guidance preserves the five-root OKF topology (4.832784ms)
✔ documentation profile pins verified OKF provenance without claiming byte identity (2.124837ms)
✔ specification skills preserve native frontmatter and emit current OKF contracts (6.053629ms)
✔ profile, templates, and canonical skill expose every approved concept type (4.429812ms)
✔ concept templates use canonical domain-owned specification paths (1.58515ms)
✔ profile documents the shared requirement-ID grammar without requiring REQ (1.696913ms)
✔ migration plan records bounded standing authority for trivial validator and profile corrections (1.877731ms)
✔ host exceptions use exact path-specific role reasons (5.045953ms)
✔ plan and evidence producers follow the corrected nested paths (3.35602ms)
✔ documentation package scripts expose core, migration, strict, index, and log checks (1.084295ms)
✔ closed foundation relocations preserve the three unchanged source bodies byte for byte (11.224916ms)
✔ retired Foundation documents record changed bodies instead of claiming current byte preservation (7.353952ms)
✔ the current WSL guide records rewritten lineage instead of claiming byte preservation (6.744354ms)
✔ accepted historical plan bodies remain byte-preserved after upstream refresh (9.009911ms)
✔ generated root navigation links the ledger-owned active migration plan (1.352387ms)
✔ strict mode accepts a complete five-root Pibo profile fixture (30.926617ms)
✔ core mode is ledger-independent and tolerates unknown metadata, missing reserved files, and broken links (12.490083ms)
✔ core mode reports only core concept and present-reserved structure failures (13.443222ms)
✔ core frontmatter parsing treats LF, CRLF, lone CR, and mixed line endings equivalently (48.622146ms)
✔ frontmatter splitting preserves exact body bytes and exact delimiter rules (0.474398ms)
✔ root and reserved indexes plus log helpers accept every Markdown line ending form (1.745699ms)
✔ strict validation and index generation load conformant metadata with every line ending form (124.545995ms)
✔ index generation rejects missing exact closing delimiters in every line ending form without writes (12.225182ms)
✔ migration mode rejects an unlisted Markdown addition (13.30888ms)
✔ migration mode ignores indexed Markdown paths removed by a rename (32.790417ms)
✔ migration mode rejects duplicate ownership (14.970078ms)
✔ migration mode rejects provisional authority values (13.060642ms)
✔ migration mode validates source ownership, destinations, and truthful states (18.109185ms)
✔ migration mode rejects malformed relocated lineage without a real base commit (17.301952ms)
✔ migration mode binds every pending body to its Git base bytes (595.00853ms)
✔ complete reachable history rejects merged alternate ledger introductions hidden by path simplification (169.155294ms)
✔ complete reachable history rejects zero committed ledger introductions (75.414932ms)
✔ ledger introduction history requires a regular Git blob (110.262955ms)
✔ editing relocated lineage hashes cannot bless bytes absent from the declared base (173.294184ms)
✔ pending validation fails deterministically when ledger introduction has no parent (96.86243ms)
✔ strict mode rejects pending entries without weakening concept checks (17.649307ms)
✔ strict mode rejects missing internal links and declared source paths (14.640711ms)
✔ strict mode permits only exact immutable deprecated historical link exceptions (14.48052ms)
✔ nested preserved bodies allow only exact hash-bound raw dot-segment targets observed missing inside docs (51.511312ms)
✔ preserved-body declarations cannot suppress escapes, invalid encoding, external, broad, directory, or traversal targets (14.631548ms)
✔ strict mode rejects mutable, current, undeclared, broad, and stale preserved-link exceptions (25.459639ms)
✔ strict mode enforces filenames, actors, and Specification traceability (13.211544ms)
✔ strict mode accepts approved requirement-ID forms with tests or an inspected-source follow-up (72.113751ms)
✔ strict mode rejects malformed explicit Requirement heading IDs (69.754008ms)
✔ strict mode treats only explicit Requirement headings as formal requirements (76.808894ms)
✔ strict mode rejects every raw HTML comment delimiter outside Specification fences (74.191297ms)
✔ Specification scanning follows CommonMark fenced-code opener and closer rules (438.858964ms)
✔ Specification scanning treats lone CR and mixed CommonMark line endings identically (468.78093ms)
✔ strict mode requires exactly one explicit body heading for each traced requirement (70.095048ms)
✔ strict mode rejects a fake traceability commit (20.087164ms)
✔ strict mode rejects escaped, absolute, dotted, globbed, and post-commit evidence paths (79.585949ms)
✔ strict mode rejects directory and symlink evidence at the checked commit (72.839191ms)
✔ batched commit file lookup matches per-path git evidence checks (112.500847ms)
✔ strict mode rejects unnamed tests, empty trace strings, missing body IDs, and unbound body requirements (67.11334ms)
✔ strict mode rejects bare, lowercase, unprefixed, and malformed requirement IDs (21.272243ms)
✔ strict mode requires immutable manifest registration for stable evidence (13.85327ms)
✔ migration mode requires conformant evidence index coverage and immutable registration (47.667412ms)
✔ migration and index generation require every ancestor index for a deep conformant concept (14.805043ms)
✔ ledger leaf and parent symlinks fail structurally before validator or generator reads (24.685489ms)
✔ ledger control reads reject unsafe parents, non-regular leaves, and escapes without parsing (37.70932ms)
✔ evidence-manifest leaf and parent symlinks fail structurally before reads (23.906931ms)
✔ ledger stable reads reject deterministic leaf changes at inspect, open, and read phases (37.070456ms)
✔ ledger stable reads reject deterministic parent changes at inspect, open, and read phases (36.841108ms)
✔ evidence-manifest stable reads reject alternate leaf objects at every phase without parsing them (37.061744ms)
✔ stable control reads preserve ordinary uncommitted ledger and manifest authoring (16.676847ms)
✔ stable control reads close opened descriptors after an injected operation failure (16.556658ms)
✔ migration mode rejects host Markdown symlinks and non-files before reads (55.270596ms)
✔ migration mode checks reserved log structure (12.444246ms)
✔ migration mode enforces the seven resolved-plan decision keys (18.709342ms)
✔ index generation is sorted, removes stale entries, is byte-stable, and never recreates README (6.153726ms)
✔ profile validation and standalone index generation reject metadata structure injection without writing (44.986825ms)
✔ index generation preflights every managed index before any write (3.014454ms)
✔ index preflight rejects malformed, mistyped, and unowned direct Markdown globally (14.844136ms)
✔ index preflight rejects every reserved-file state mutation before any write (24.520652ms)
✔ index preflight rejects global ownership, existence, file-type, and nested metadata failures without writing (12.583004ms)
✔ index generation omits only exact pending Markdown records (3.951382ms)
✔ managed index targets reject symlinks and non-regular files without external writes (3.877726ms)
✔ managed index targets reject symlinked parents without external writes (3.238897ms)
✔ index preflight rejects a missing managed ledger target before writing (2.253575ms)
✔ generated index metadata is rendered as visible plain text (34.531588ms)
✔ profile and index preflight reject invisible or direction-spoofing Unicode metadata (130.936315ms)
✔ profile and index preflight reject every visually blank filler in root and direct metadata (300.492682ms)
✔ visible Unicode metadata remains valid in root navigation and direct concepts (23.601262ms)
✔ log checker validates deterministic reserved structure without writing prose (2.710917ms)
✔ OKF core requires normative date-grouped log entries without profile-only fields (68.904821ms)
✔ OKF core ignores fenced pseudo-entries using CommonMark fence rules (0.30193ms)
✔ OKF core accepts valid log entries with LF, CRLF, lone CR, and mixed line endings (0.127439ms)
ℹ tests 87
ℹ suites 0
ℹ pass 87
ℹ fail 0
ℹ cancelled 0
ℹ skipped 0
ℹ todo 0
ℹ duration_ms 5085.115633

> @pasko70/pibo@1.7.2 docs:validate:strict
> node scripts/validate-okf-docs.mjs --mode strict

OKF strict validation: PASS
Markdown paths: 869 (git)
Ledger records: 869
States: conformant=709 reserved=112 pending=0 host-exception=48
Errors: 0; warnings: 0
