This is a focused batch, not a full suite or installation test.

> @pasko70/pibo@1.7.2 docs:indexes:write
> node scripts/generate-okf-indexes.mjs

OKF index generation: PASS
Managed indexes: 111; drift: 0
npm notice
npm notice New major version of npm available! 11.19.0 -> 12.1.0
npm notice Changelog: https://github.com/npm/cli/releases/tag/v12.1.0
npm notice To update run: npm install -g npm@12.1.0
npm notice

> @pasko70/pibo@1.7.2 docs:validate
> npm run docs:validate:strict


> @pasko70/pibo@1.7.2 docs:validate:strict
> node scripts/validate-okf-docs.mjs --mode strict

OKF strict validation: PASS
Markdown paths: 869 (git)
Ledger records: 869
States: conformant=709 reserved=112 pending=0 host-exception=48
Errors: 0; warnings: 0

> @pasko70/pibo@1.7.2 docs:validate:okf
> node scripts/validate-okf-docs.mjs --mode core

OKF core validation: PASS
Markdown paths: 821 (git)
Errors: 0; warnings: 0

> @pasko70/pibo@1.7.2 docs:validate:migration
> node scripts/validate-okf-docs.mjs --mode migration

OKF migration validation: PASS
Markdown paths: 869 (git)
Ledger records: 869
States: conformant=709 reserved=112 pending=0 host-exception=48
Errors: 0; warnings: 0

> @pasko70/pibo@1.7.2 docs:indexes:check
> node scripts/generate-okf-indexes.mjs --check

OKF index check: PASS
Managed indexes: 111; drift: 0

> @pasko70/pibo@1.7.2 docs:log:check
> node scripts/check-okf-log.mjs

OKF log check: PASS

> @pasko70/pibo@1.7.2 docs:validator:test
> node --test test/okf-validator.test.mjs test/okf-authoring-guidance.test.mjs

✔ repository guidance preserves the five-root OKF topology (4.261181ms)
✔ documentation profile pins verified OKF provenance without claiming byte identity (1.920836ms)
✔ specification skills preserve native frontmatter and emit current OKF contracts (5.674129ms)
✔ profile, templates, and canonical skill expose every approved concept type (3.693789ms)
✔ concept templates use canonical domain-owned specification paths (1.366889ms)
✔ profile documents the shared requirement-ID grammar without requiring REQ (1.313446ms)
✔ migration plan records bounded standing authority for trivial validator and profile corrections (1.174716ms)
✔ host exceptions use exact path-specific role reasons (5.15489ms)
✔ plan and evidence producers follow the corrected nested paths (3.400451ms)
✔ documentation package scripts expose core, migration, strict, index, and log checks (1.04146ms)
✔ closed foundation relocations preserve the three unchanged source bodies byte for byte (8.030141ms)
✔ retired Foundation documents record changed bodies instead of claiming current byte preservation (7.039121ms)
✔ the current WSL guide records rewritten lineage instead of claiming byte preservation (8.096201ms)
✔ accepted historical plan bodies remain byte-preserved after upstream refresh (8.032721ms)
✔ generated root navigation links the ledger-owned active migration plan (0.982548ms)
✔ strict mode accepts a complete five-root Pibo profile fixture (32.758036ms)
✔ core mode is ledger-independent and tolerates unknown metadata, missing reserved files, and broken links (11.18197ms)
✔ core mode reports only core concept and present-reserved structure failures (12.899157ms)
✔ core frontmatter parsing treats LF, CRLF, lone CR, and mixed line endings equivalently (47.984578ms)
✔ frontmatter splitting preserves exact body bytes and exact delimiter rules (0.439577ms)
✔ root and reserved indexes plus log helpers accept every Markdown line ending form (2.012861ms)
✔ strict validation and index generation load conformant metadata with every line ending form (128.239824ms)
✔ index generation rejects missing exact closing delimiters in every line ending form without writes (13.295414ms)
✔ migration mode rejects an unlisted Markdown addition (12.439928ms)
✔ migration mode ignores indexed Markdown paths removed by a rename (31.029652ms)
✔ migration mode rejects duplicate ownership (13.231095ms)
✔ migration mode rejects provisional authority values (11.064953ms)
✔ migration mode validates source ownership, destinations, and truthful states (15.936325ms)
✔ migration mode rejects malformed relocated lineage without a real base commit (15.827002ms)
✔ migration mode binds every pending body to its Git base bytes (533.801173ms)
✔ complete reachable history rejects merged alternate ledger introductions hidden by path simplification (154.864132ms)
✔ complete reachable history rejects zero committed ledger introductions (73.90414ms)
✔ ledger introduction history requires a regular Git blob (111.912673ms)
✔ editing relocated lineage hashes cannot bless bytes absent from the declared base (157.863904ms)
✔ pending validation fails deterministically when ledger introduction has no parent (86.539898ms)
✔ strict mode rejects pending entries without weakening concept checks (17.491865ms)
✔ strict mode rejects missing internal links and declared source paths (11.486873ms)
✔ strict mode permits only exact immutable deprecated historical link exceptions (12.093643ms)
✔ nested preserved bodies allow only exact hash-bound raw dot-segment targets observed missing inside docs (44.160596ms)
✔ preserved-body declarations cannot suppress escapes, invalid encoding, external, broad, directory, or traversal targets (12.546685ms)
✔ strict mode rejects mutable, current, undeclared, broad, and stale preserved-link exceptions (24.894079ms)
✔ strict mode enforces filenames, actors, and Specification traceability (14.744965ms)
✔ strict mode accepts approved requirement-ID forms with tests or an inspected-source follow-up (65.285015ms)
✔ strict mode rejects malformed explicit Requirement heading IDs (60.354478ms)
✔ strict mode treats only explicit Requirement headings as formal requirements (60.613507ms)
✔ strict mode rejects every raw HTML comment delimiter outside Specification fences (61.595567ms)
✔ Specification scanning follows CommonMark fenced-code opener and closer rules (398.613935ms)
✔ Specification scanning treats lone CR and mixed CommonMark line endings identically (451.987858ms)
✔ strict mode requires exactly one explicit body heading for each traced requirement (57.486258ms)
✔ strict mode rejects a fake traceability commit (16.199147ms)
✔ strict mode rejects escaped, absolute, dotted, globbed, and post-commit evidence paths (58.482048ms)
✔ strict mode rejects directory and symlink evidence at the checked commit (59.474663ms)
✔ batched commit file lookup matches per-path git evidence checks (103.452525ms)
✔ strict mode rejects unnamed tests, empty trace strings, missing body IDs, and unbound body requirements (59.958753ms)
✔ strict mode rejects bare, lowercase, unprefixed, and malformed requirement IDs (18.455857ms)
✔ strict mode requires immutable manifest registration for stable evidence (12.205028ms)
✔ migration mode requires conformant evidence index coverage and immutable registration (41.244734ms)
✔ migration and index generation require every ancestor index for a deep conformant concept (13.111933ms)
✔ ledger leaf and parent symlinks fail structurally before validator or generator reads (28.554922ms)
✔ ledger control reads reject unsafe parents, non-regular leaves, and escapes without parsing (32.579472ms)
✔ evidence-manifest leaf and parent symlinks fail structurally before reads (22.295646ms)
✔ ledger stable reads reject deterministic leaf changes at inspect, open, and read phases (39.037713ms)
✔ ledger stable reads reject deterministic parent changes at inspect, open, and read phases (38.805809ms)
✔ evidence-manifest stable reads reject alternate leaf objects at every phase without parsing them (36.397677ms)
✔ stable control reads preserve ordinary uncommitted ledger and manifest authoring (15.001898ms)
✔ stable control reads close opened descriptors after an injected operation failure (11.831794ms)
✔ migration mode rejects host Markdown symlinks and non-files before reads (55.06051ms)
✔ migration mode checks reserved log structure (12.661684ms)
✔ migration mode enforces the seven resolved-plan decision keys (17.518206ms)
✔ index generation is sorted, removes stale entries, is byte-stable, and never recreates README (6.692153ms)
✔ profile validation and standalone index generation reject metadata structure injection without writing (44.313233ms)
✔ index generation preflights every managed index before any write (3.088521ms)
✔ index preflight rejects malformed, mistyped, and unowned direct Markdown globally (14.004067ms)
✔ index preflight rejects every reserved-file state mutation before any write (20.764206ms)
✔ index preflight rejects global ownership, existence, file-type, and nested metadata failures without writing (12.444698ms)
✔ index generation omits only exact pending Markdown records (3.0661ms)
✔ managed index targets reject symlinks and non-regular files without external writes (2.396316ms)
✔ managed index targets reject symlinked parents without external writes (2.33845ms)
✔ index preflight rejects a missing managed ledger target before writing (1.819785ms)
✔ generated index metadata is rendered as visible plain text (26.759897ms)
✔ profile and index preflight reject invisible or direction-spoofing Unicode metadata (111.265982ms)
✔ profile and index preflight reject every visually blank filler in root and direct metadata (190.313966ms)
✔ visible Unicode metadata remains valid in root navigation and direct concepts (15.699432ms)
✔ log checker validates deterministic reserved structure without writing prose (2.113736ms)
✔ OKF core requires normative date-grouped log entries without profile-only fields (54.517517ms)
✔ OKF core ignores fenced pseudo-entries using CommonMark fence rules (0.262611ms)
✔ OKF core accepts valid log entries with LF, CRLF, lone CR, and mixed line endings (0.107758ms)
ℹ tests 87
ℹ suites 0
ℹ pass 87
ℹ fail 0
ℹ cancelled 0
ℹ skipped 0
ℹ todo 0
ℹ duration_ms 4453.466045

> @pasko70/pibo@1.7.2 docs:validate:strict
> node scripts/validate-okf-docs.mjs --mode strict

OKF strict validation: PASS
Markdown paths: 869 (git)
Ledger records: 869
States: conformant=709 reserved=112 pending=0 host-exception=48
Errors: 0; warnings: 0
