This is a focused batch, not a full suite or installation test.
Targeted typecheck passed (not root typecheck)
{"method":"TypeScript.transpileModule, file-at-a-time (ESM)","emitted":570,"typechecked":false,"releaseBuild":false}
✔ attachment providers use the existing backend resource projection and owning scope (3.455181ms)
✔ duplicate resource registration rolls back only the new provider owner (0.887914ms)
✔ provider client binds its scope and rejects mismatched lookup identities (0.507129ms)
✔ provider schema declarations fail closed on unsupported, cyclic and malformed rules (0.425639ms)
✔ provider instances are executable objects, not restricted to JSON object prototypes (0.157875ms)
✔ schema literals compare JSON structurally and string bounds count Unicode code points (0.298856ms)
✔ compaction prompt switches between library and custom prompt without losing custom content (10.799871ms)
✔ compaction prompt custom mode without custom markdown falls back to library (2.452741ms)
✔ compaction prompt invalid custom save preserves previous valid custom prompt (4.98975ms)
✔ compaction prompt custom mode creates custom file from library when missing (4.641266ms)
✔ compaction prompt parser exposes all prompt sections and rejects broken custom files (2.736566ms)
✔ core CLI --help loads no gateway or product state (26.896689ms)
✔ core CLI --version loads no gateway or product state (23.576945ms)
✔ core CLI gateway:web --help loads no gateway or product state (24.075507ms)
✔ Core compaction-prompt has no transitive Pi implementation dependency (76.330545ms)
✔ Core provider-recovery has no transitive Pi implementation dependency (32.235451ms)
✔ retired Pi Core forwarders and runtime TUI entry are absent (9.006888ms)
✔ tabs require a session and effective pinned view, not just installation (0.998555ms)
✔ same view deduplicates only within session; state and subview are retained (0.527491ms)
✔ multiple instance identities, close neighbor, and schema mismatch preserve saved state (0.221184ms)
✔ A→B→A / reload persists active tab, settings subview, independent state and layout (0.695598ms)
✔ late A autosave stays A while B is selected; serialized edits are not lost (0.393203ms)
✔ out-of-order reloads and a late reload crossing local edits cannot replace newer Session state (0.26644ms)
✔ two-browser CAS conflict preserves losing local state and never overwrites server (0.282659ms)
✔ failed-save and in-flight Session controllers survive bounded cache pruning (0.675341ms)
react-test-renderer is deprecated. See https://react.dev/warnings/react-test-renderer
✔ plugin Refresh waits for leave guards and tabset saves, and blocks on failure (3.665012ms)
✔ cross-session server responses and attempted tab movement are rejected (0.339175ms)
✔ deep links encode the owning session, tab and subview (0.347749ms)
✔ configuration URL fixes app/agent/session target independently from tab ownership (0.111884ms)
✔ host imports only effective pinned browser modules and injects shared React/SDK (0.427427ms)
✔ attachment browser provider is declaration-bound, session-bound and disposed with its owner (0.613253ms)
✔ browser attachment registration rejects undeclared, mismatched and reserved providers (0.636554ms)
✔ attachment registration is rolled back when a later browser setup step fails (0.174795ms)
✔ AP11 Web Annotations history stays readable when its terminal renderer is missing (3.204927ms)
✔ uninstall planning keeps its confirmation UI mounted until a catalog-changing action (39.585096ms)
✔ setup failure rolls back renderers, hooks and views (0.667977ms)
✔ undeclared executable browser registrations fail without affecting other owners (0.169863ms)
✔ late module resolution after dispose never mounts executable contributions (0.140346ms)
✔ ordered input transforms retain provenance and exact session (0.462794ms)
✔ input rejection, timeout and cancellation do not send fallback text (5.221005ms)
✔ session request cannot escape plugin API namespace (0.236058ms)
✔ catalog strips all server source paths, secrets and service objects (0.197093ms)
✔ asset serving uses immutable revision and denies traversal/symlink/backend escapes (4.567859ms)
✔ session plan route checks access and never reads another session (0.646292ms)
✔ build evidence reads only saved nodes, never synthesizes current catalog nodes (0.117926ms)
✔ provider recovery backoff is exponential and capped (0.711685ms)
✔ quota and explicit abort errors are terminal (0.239612ms)
✔ routed session keeps one turn open across repeated provider recovery and preserves queue order (6.837306ms)
✔ durable recovery continues beyond Pi's short retry budget (5.225248ms)
✔ disabling retry leaves transient provider errors terminal (12.612905ms)
✔ quota failures remain terminal instead of entering durable recovery (5.388419ms)
✔ cancelling an active message aborts provider recovery backoff (6.609721ms)
✔ compaction summary retries transient provider failures with stable transport context (0.700731ms)
✔ parallel compaction summaries use distinct stable transport sessions (0.244356ms)
✔ compaction summary backoff is abortable (1.060287ms)
ℹ tests 55
ℹ suites 0
ℹ pass 55
ℹ fail 0
ℹ cancelled 0
ℹ skipped 0
ℹ todo 0
ℹ duration_ms 42130.407361
