This is a focused batch, not a full suite or installation test.

=== docs:indexes:write ===

> @pasko70/pibo@1.7.2 docs:indexes:write
> node scripts/generate-okf-indexes.mjs

OKF index generation: PASS
Managed indexes: 111; drift: 0
npm notice
npm notice New major version of npm available! 11.19.0 -> 12.0.2
npm notice Changelog: https://github.com/npm/cli/releases/tag/v12.0.2
npm notice To update run: npm install -g npm@12.0.2
npm notice
=== docs:indexes:write exit=0 ===

=== docs:validate ===

> @pasko70/pibo@1.7.2 docs:validate
> npm run docs:validate:strict


> @pasko70/pibo@1.7.2 docs:validate:strict
> node scripts/validate-okf-docs.mjs --mode strict

OKF strict validation: PASS
Markdown paths: 869 (git)
Ledger records: 869
States: conformant=709 reserved=112 pending=0 host-exception=48
Errors: 0; warnings: 0
=== docs:validate exit=0 ===

=== docs:validate:okf ===

> @pasko70/pibo@1.7.2 docs:validate:okf
> node scripts/validate-okf-docs.mjs --mode core

OKF core validation: PASS
Markdown paths: 821 (git)
Errors: 0; warnings: 0
=== docs:validate:okf exit=0 ===

=== docs:validate:migration ===

> @pasko70/pibo@1.7.2 docs:validate:migration
> node scripts/validate-okf-docs.mjs --mode migration

OKF migration validation: PASS
Markdown paths: 869 (git)
Ledger records: 869
States: conformant=709 reserved=112 pending=0 host-exception=48
Errors: 0; warnings: 0
=== docs:validate:migration exit=0 ===

=== docs:indexes:check ===

> @pasko70/pibo@1.7.2 docs:indexes:check
> node scripts/generate-okf-indexes.mjs --check

OKF index check: PASS
Managed indexes: 111; drift: 0
=== docs:indexes:check exit=0 ===

=== docs:log:check ===

> @pasko70/pibo@1.7.2 docs:log:check
> node scripts/check-okf-log.mjs

OKF log check: PASS
=== docs:log:check exit=0 ===

=== docs:validator:test ===

> @pasko70/pibo@1.7.2 docs:validator:test
> node --test test/okf-validator.test.mjs test/okf-authoring-guidance.test.mjs

✔ repository guidance preserves the five-root OKF topology (6.025651ms)
✔ documentation profile pins verified OKF provenance without claiming byte identity (2.744268ms)
✔ specification skills preserve native frontmatter and emit current OKF contracts (5.342473ms)
✔ profile, templates, and canonical skill expose every approved concept type (4.986208ms)
✔ concept templates use canonical domain-owned specification paths (1.7727ms)
✔ profile documents the shared requirement-ID grammar without requiring REQ (2.029283ms)
✔ migration plan records bounded standing authority for trivial validator and profile corrections (1.557266ms)
✔ host exceptions use exact path-specific role reasons (4.632177ms)
✔ plan and evidence producers follow the corrected nested paths (3.422868ms)
✔ documentation package scripts expose core, migration, strict, index, and log checks (1.290277ms)
✔ closed foundation relocations preserve the three unchanged source bodies byte for byte (11.786432ms)
✔ retired Foundation documents record changed bodies instead of claiming current byte preservation (8.67881ms)
✔ the current WSL guide records rewritten lineage instead of claiming byte preservation (6.322087ms)
✔ accepted historical plan bodies remain byte-preserved after upstream refresh (7.412681ms)
✔ generated root navigation links the ledger-owned active migration plan (1.566046ms)
✔ strict mode accepts a complete five-root Pibo profile fixture (29.897498ms)
✔ core mode is ledger-independent and tolerates unknown metadata, missing reserved files, and broken links (11.096082ms)
✔ core mode reports only core concept and present-reserved structure failures (10.54492ms)
✔ core frontmatter parsing treats LF, CRLF, lone CR, and mixed line endings equivalently (35.998114ms)
✔ frontmatter splitting preserves exact body bytes and exact delimiter rules (0.418261ms)
✔ root and reserved indexes plus log helpers accept every Markdown line ending form (1.718001ms)
✔ strict validation and index generation load conformant metadata with every line ending form (117.732021ms)
✔ index generation rejects missing exact closing delimiters in every line ending form without writes (12.266854ms)
✔ migration mode rejects an unlisted Markdown addition (10.752548ms)
✔ migration mode ignores indexed Markdown paths removed by a rename (28.980718ms)
✔ migration mode rejects duplicate ownership (12.054937ms)
✔ migration mode rejects provisional authority values (11.946792ms)
✔ migration mode validates source ownership, destinations, and truthful states (20.429952ms)
✔ migration mode rejects malformed relocated lineage without a real base commit (16.425742ms)
✔ migration mode binds every pending body to its Git base bytes (530.994897ms)
✔ complete reachable history rejects merged alternate ledger introductions hidden by path simplification (184.753273ms)
✔ complete reachable history rejects zero committed ledger introductions (82.255593ms)
✔ ledger introduction history requires a regular Git blob (105.374676ms)
✔ editing relocated lineage hashes cannot bless bytes absent from the declared base (151.254214ms)
✔ pending validation fails deterministically when ledger introduction has no parent (93.063564ms)
✔ strict mode rejects pending entries without weakening concept checks (16.677846ms)
✔ strict mode rejects missing internal links and declared source paths (13.180928ms)
✔ strict mode permits only exact immutable deprecated historical link exceptions (13.993538ms)
✔ nested preserved bodies allow only exact hash-bound raw dot-segment targets observed missing inside docs (53.401398ms)
✔ preserved-body declarations cannot suppress escapes, invalid encoding, external, broad, directory, or traversal targets (15.448303ms)
✔ strict mode rejects mutable, current, undeclared, broad, and stale preserved-link exceptions (27.723815ms)
✔ strict mode enforces filenames, actors, and Specification traceability (14.333627ms)
✔ strict mode accepts approved requirement-ID forms with tests or an inspected-source follow-up (71.260839ms)
✔ strict mode rejects malformed explicit Requirement heading IDs (80.304276ms)
✔ strict mode treats only explicit Requirement headings as formal requirements (67.572118ms)
✔ strict mode rejects every raw HTML comment delimiter outside Specification fences (64.68204ms)
✔ Specification scanning follows CommonMark fenced-code opener and closer rules (382.119973ms)
✔ Specification scanning treats lone CR and mixed CommonMark line endings identically (451.810762ms)
✔ strict mode requires exactly one explicit body heading for each traced requirement (59.724213ms)
✔ strict mode rejects a fake traceability commit (28.052122ms)
✔ strict mode rejects escaped, absolute, dotted, globbed, and post-commit evidence paths (65.198594ms)
✔ strict mode rejects directory and symlink evidence at the checked commit (61.468362ms)
✔ batched commit file lookup matches per-path git evidence checks (101.407015ms)
✔ strict mode rejects unnamed tests, empty trace strings, missing body IDs, and unbound body requirements (61.572823ms)
✔ strict mode rejects bare, lowercase, unprefixed, and malformed requirement IDs (20.79878ms)
✔ strict mode requires immutable manifest registration for stable evidence (13.734ms)
✔ migration mode requires conformant evidence index coverage and immutable registration (42.871074ms)
✔ migration and index generation require every ancestor index for a deep conformant concept (13.655624ms)
✔ ledger leaf and parent symlinks fail structurally before validator or generator reads (22.265752ms)
✔ ledger control reads reject unsafe parents, non-regular leaves, and escapes without parsing (36.1307ms)
✔ evidence-manifest leaf and parent symlinks fail structurally before reads (22.442259ms)
✔ ledger stable reads reject deterministic leaf changes at inspect, open, and read phases (37.959588ms)
✔ ledger stable reads reject deterministic parent changes at inspect, open, and read phases (36.104598ms)
✔ evidence-manifest stable reads reject alternate leaf objects at every phase without parsing them (35.722275ms)
✔ stable control reads preserve ordinary uncommitted ledger and manifest authoring (14.491522ms)
✔ stable control reads close opened descriptors after an injected operation failure (11.296581ms)
✔ migration mode rejects host Markdown symlinks and non-files before reads (50.432809ms)
✔ migration mode checks reserved log structure (12.375003ms)
✔ migration mode enforces the seven resolved-plan decision keys (17.286736ms)
✔ index generation is sorted, removes stale entries, is byte-stable, and never recreates README (6.112072ms)
✔ profile validation and standalone index generation reject metadata structure injection without writing (42.069812ms)
✔ index generation preflights every managed index before any write (3.246094ms)
✔ index preflight rejects malformed, mistyped, and unowned direct Markdown globally (15.388456ms)
✔ index preflight rejects every reserved-file state mutation before any write (21.016341ms)
✔ index preflight rejects global ownership, existence, file-type, and nested metadata failures without writing (14.079901ms)
✔ index generation omits only exact pending Markdown records (3.083724ms)
✔ managed index targets reject symlinks and non-regular files without external writes (2.206871ms)
✔ managed index targets reject symlinked parents without external writes (2.177943ms)
✔ index preflight rejects a missing managed ledger target before writing (1.938158ms)
✔ generated index metadata is rendered as visible plain text (30.780043ms)
✔ profile and index preflight reject invisible or direction-spoofing Unicode metadata (128.725843ms)
✔ profile and index preflight reject every visually blank filler in root and direct metadata (265.330891ms)
✔ visible Unicode metadata remains valid in root navigation and direct concepts (22.952375ms)
✔ log checker validates deterministic reserved structure without writing prose (3.042009ms)
✔ OKF core requires normative date-grouped log entries without profile-only fields (80.109296ms)
✔ OKF core ignores fenced pseudo-entries using CommonMark fence rules (0.510625ms)
✔ OKF core accepts valid log entries with LF, CRLF, lone CR, and mixed line endings (0.138263ms)
ℹ tests 87
ℹ suites 0
ℹ pass 87
ℹ fail 0
ℹ cancelled 0
ℹ skipped 0
ℹ todo 0
ℹ duration_ms 4667.107377
=== docs:validator:test exit=0 ===
