This is a focused batch, not a full suite or installation test.
Narrow live Composer and fixture types passed
✔ data-only indexed adapter prepares immutable typed body before any POST and reuses it on unchanged retry (475.459318ms)
✔ a prepared transaction cannot be silently replaced by new text, delivery, annotations or room (340.358055ms)
✔ invalid typed metadata fails before staging and prototype-named transactions remain exact own keys (349.478166ms)
✔ untransportable bytes and noncanonical MIME fail before any snapshot or provider callback (365.371184ms)
✔ failed staging retains an open frozen snapshot, retrying same txn without replacing it (338.355464ms)
✔ CAS conflict during staging retains original and a later retry prepares the bound snapshot despite live edits (347.212848ms)
✔ indexed receipt reconciliation accepts only independently matched durable receipts, then CAS-consumes once (365.004438ms)
✔ verbatim stored body is sent and only a separately fetched receipt consumes a typed draft (361.579557ms)
✔ unknown POST reconciles without a second POST, while missing independent proof keeps unchanged retry (352.623715ms)
✔ provider notice failures after durable acceptance are reported, never reclassified as unknown (403.753472ms)
✔ receipt transport failure and cross-tab revision race preserve the frozen transaction (398.863719ms)
✔ login/session ownership closes previous drafts and never publishes a late open (344.24988ms)
✔ provider-aware add snapshots and validates before constructing one data-only byte command (273.938097ms)
✔ provider add denies foreign Session, missing providers, schema violations, async callbacks and byte mismatches before storage (287.094361ms)
✔ provider-aware update captures live type/schema expectations and does not request a media edit (279.076694ms)
✔ freeze preflights selected providers outside the transaction and captures one pin per plugin type (316.273195ms)
✔ freeze rejects invalid input, absent pins, drift and stale storage without publishing a send result (283.787152ms)
✔ provider freeze rejects post-CAS content and executable drift even when the pin is unchanged (277.255249ms)
✔ prepared wire body is persisted before send, immutable across reload and storage-failure atomic (225.097418ms)
✔ a matched receipt ID or echoed fingerprint cannot consume missing or different local content (225.089669ms)
✔ all admitted command states consume matching revisions once, independently of model outcome (225.541358ms)
✔ submission must contain the bound snapshot and corrupted persisted proofs fail closed (222.214676ms)
✔ chat composer send helpers plan optimistic queued messages and overlays (313.965571ms)
✔ pending typed intent distinguishes note, owner and legacy wire shapes across reload (313.822806ms)
✔ chat upload attachment helpers preserve per-session selection behavior (316.468453ms)
✔ composer rejects overflow before starting the upload request (2.964556ms)
ℹ tests 26
ℹ suites 0
ℹ pass 26
ℹ fail 0
ℹ cancelled 0
ℹ skipped 0
ℹ todo 0
ℹ duration_ms 8226.371317
vite v8.2.2 building client environment for production...
transforming...
✓ 3013 modules transformed.
rendering chunks...
computing gzip size...
dist/apps/chat-ui/index.html                                             3.67 kB │ gzip:   0.91 kB
dist/apps/chat-ui/assets/pibo-plugin-workflows-CHpVij2M.css             15.39 kB │ gzip:   2.55 kB
dist/apps/chat-ui/assets/MarkdownEditor-Cn8g79pP.css                    45.12 kB │ gzip:   9.68 kB
dist/apps/chat-ui/assets/app-CKTcKZ7V.css                              134.67 kB │ gzip:  23.40 kB
dist/apps/chat-ui/assets/error-message-CeGMLWmo.js                       0.07 kB │ gzip:   0.09 kB
dist/apps/chat-ui/assets/loader-circle-88Xw4Amz.js                       0.14 kB │ gzip:   0.15 kB
dist/apps/chat-ui/assets/plus-CaIkpfMw.js                                0.15 kB │ gzip:   0.15 kB
dist/apps/chat-ui/assets/x-CmtcXuL5.js                                   0.15 kB │ gzip:   0.15 kB
dist/apps/chat-ui/assets/play-DHsWEc_c.js                                0.19 kB │ gzip:   0.18 kB
dist/apps/chat-ui/assets/api-http-C0hR81Bh.js                            0.23 kB │ gzip:   0.19 kB
dist/apps/chat-ui/assets/copy-X7WKZoAP.js                                0.23 kB │ gzip:   0.21 kB
dist/apps/chat-ui/assets/diff-ChtP43wD.js                                0.30 kB │ gzip:   0.23 kB
dist/apps/chat-ui/assets/refresh-cw-Cp9cxrDW.js                          0.32 kB │ gzip:   0.22 kB
dist/apps/chat-ui/assets/trash-2-NeK9OUO5.js                             0.32 kB │ gzip:   0.21 kB
dist/apps/chat-ui/assets/use-bound-bootstrap-DkvQvldH.js                 0.42 kB │ gzip:   0.28 kB
dist/apps/chat-ui/assets/maximize-2-D7FpNoow.js                          0.43 kB │ gzip:   0.26 kB
dist/apps/chat-ui/assets/clipboard-Cg37Az5v.js                           0.47 kB │ gzip:   0.33 kB
dist/apps/chat-ui/assets/triangle-alert-BLTznwih.js                      0.53 kB │ gzip:   0.31 kB
dist/apps/chat-ui/assets/brainfuck-D5EjA2JK.js                           0.59 kB │ gzip:   0.32 kB
dist/apps/chat-ui/assets/properties-C357ku5U.js                          0.66 kB │ gzip:   0.34 kB
dist/apps/chat-ui/assets/cmake-84nbDH0I.js                               0.75 kB │ gzip:   0.45 kB
dist/apps/chat-ui/assets/asciiarmor-C_eisQCp.js                          0.77 kB │ gzip:   0.40 kB
dist/apps/chat-ui/assets/protobuf-D1ij_kNL.js                            0.80 kB │ gzip:   0.51 kB
dist/apps/chat-ui/assets/first-party-subview-navigation-GwzidEdJ.js      0.82 kB │ gzip:   0.47 kB
dist/apps/chat-ui/assets/http-CLVgA2GD.js                                0.84 kB │ gzip:   0.42 kB
dist/apps/chat-ui/assets/solr-BBopId9w.js                                0.86 kB │ gzip:   0.45 kB
dist/apps/chat-ui/assets/troff-C2dAgh7P.js                               0.95 kB │ gzip:   0.43 kB
dist/apps/chat-ui/assets/toml-BPTmHmyx.js                                1.04 kB │ gzip:   0.53 kB
dist/apps/chat-ui/assets/spreadsheet-CTIncYxj.js                         1.13 kB │ gzip:   0.53 kB
dist/apps/chat-ui/assets/createLucideIcon-ChDqWVJv.js                    1.18 kB │ gzip:   0.69 kB
dist/apps/chat-ui/assets/pibo-plugin-runtime-requests.js                 1.23 kB │ gzip:   0.68 kB
dist/apps/chat-ui/assets/mbox-BEMVcqjs.js                                1.38 kB │ gzip:   0.65 kB
dist/apps/chat-ui/assets/pibo-plugin-tool-family.js                      1.52 kB │ gzip:   0.66 kB
dist/apps/chat-ui/assets/rpm-gpDK5sbt.js                                 1.59 kB │ gzip:   0.81 kB
dist/apps/chat-ui/assets/sieve-BAxa3IjF.js                               1.61 kB │ gzip:   0.77 kB
dist/apps/chat-ui/assets/factor-LKH5gN8L.js                              1.66 kB │ gzip:   0.60 kB
dist/apps/chat-ui/assets/eiffel-BEjRio4Q.js                              1.69 kB │ gzip:   0.90 kB
dist/apps/chat-ui/assets/z80-Co3PbHdE.js                                 1.75 kB │ gzip:   0.79 kB
dist/apps/chat-ui/assets/mumps-BSzj6Xyz.js                               1.82 kB │ gzip:   0.95 kB
dist/apps/chat-ui/assets/elm-Cshzl8qu.js                                 1.86 kB │ gzip:   0.81 kB
dist/apps/chat-ui/assets/pibo-plugin-web-annotations.js                  1.86 kB │ gzip:   0.92 kB
dist/apps/chat-ui/assets/mathematica-u8YMmbU0.js                         1.89 kB │ gzip:   0.80 kB
dist/apps/chat-ui/assets/dockerfile-DJkHQgkl.js                          1.90 kB │ gzip:   0.65 kB
dist/apps/chat-ui/assets/pibo-plugin-preview.js                          1.90 kB │ gzip:   0.92 kB
dist/apps/chat-ui/assets/turtle-Cx3rYX2g.js                              1.95 kB │ gzip:   0.89 kB
dist/apps/chat-ui/assets/dist-RKTRnzGb.js                                1.95 kB │ gzip:   1.25 kB
dist/apps/chat-ui/assets/ebnf-D4c0_ac3.js                                1.97 kB │ gzip:   0.80 kB
dist/apps/chat-ui/assets/smalltalk-BLp5-jwC.js                           1.99 kB │ gzip:   0.85 kB
dist/apps/chat-ui/assets/fcl-ClOhbFR7.js                                 2.02 kB │ gzip:   0.95 kB
dist/apps/chat-ui/assets/ntriples-B9h1VB_g.js                            2.06 kB │ gzip:   0.72 kB
dist/apps/chat-ui/assets/dtd-DTF72YNO.js                                 2.09 kB │ gzip:   0.87 kB
dist/apps/chat-ui/assets/octave-D2Q8cUp1.js                              2.10 kB │ gzip:   1.07 kB
dist/apps/chat-ui/assets/yacas-CXXgtw0p.js                               2.14 kB │ gzip:   1.08 kB
dist/apps/chat-ui/assets/pascal-Dp_KdFgX.js                              2.25 kB │ gzip:   1.17 kB
dist/apps/chat-ui/assets/simple-mode-DXiLM1-G.js                         2.27 kB │ gzip:   1.09 kB
dist/apps/chat-ui/assets/apl-gfMMiTNf.js                                 2.29 kB │ gzip:   1.22 kB
dist/apps/chat-ui/assets/commonlisp-DgAKBe0r.js                          2.31 kB │ gzip:   1.09 kB
dist/apps/chat-ui/assets/tcl-BGfruO1u.js                                 2.35 kB │ gzip:   1.22 kB
dist/apps/chat-ui/assets/shell-DwuoZtxw.js                               2.43 kB │ gzip:   1.20 kB
dist/apps/chat-ui/assets/webidl-D5jiJvOU.js                              2.44 kB │ gzip:   1.24 kB
dist/apps/chat-ui/assets/pig-AF4Hwhju.js                                 2.51 kB │ gzip:   1.37 kB
dist/apps/chat-ui/assets/puppet-BZyAS7I4.js                              2.51 kB │ gzip:   1.19 kB
dist/apps/chat-ui/assets/forth-Cezjo90N.js                               2.54 kB │ gzip:   1.32 kB
dist/apps/chat-ui/assets/dist-DMiglryg.js                                2.57 kB │ gzip:   1.48 kB
dist/apps/chat-ui/assets/velocity-CqftRsjg.js                            2.70 kB │ gzip:   1.11 kB
dist/apps/chat-ui/assets/tiddlywiki-VlUiK86J.js                          2.76 kB │ gzip:   1.07 kB
dist/apps/chat-ui/assets/modelica-CqHI_q-D.js                            2.79 kB │ gzip:   1.28 kB
dist/apps/chat-ui/assets/oz-BwTct_5T.js                                  2.88 kB │ gzip:   1.27 kB
dist/apps/chat-ui/assets/r-CxDmU1I4.js                                   2.92 kB │ gzip:   1.33 kB
dist/apps/chat-ui/assets/stex-DNzd62Q_.js                                3.09 kB │ gzip:   1.17 kB
dist/apps/chat-ui/assets/lua-CiA1ziua.js                                 3.13 kB │ gzip:   1.40 kB
dist/apps/chat-ui/assets/cypher-p9eYesGn.js                              3.18 kB │ gzip:   1.49 kB
dist/apps/chat-ui/assets/tiki-AK6FwT8q.js                                3.22 kB │ gzip:   1.25 kB
dist/apps/chat-ui/assets/dist-DtLPdWFH.js                                3.29 kB │ gzip:   1.68 kB
dist/apps/chat-ui/assets/vhdl-kS471soi.js                                3.31 kB │ gzip:   1.49 kB
dist/apps/chat-ui/assets/sparql-Dz-mlCAC.js                              3.33 kB │ gzip:   1.59 kB
dist/apps/chat-ui/assets/mscgen-qgSLujhx.js                              3.49 kB │ gzip:   0.97 kB
dist/apps/chat-ui/assets/vb-BthdM_4N.js                                  3.65 kB │ gzip:   1.81 kB
dist/apps/chat-ui/assets/d-DWkQyNnU.js                                   3.69 kB │ gzip:   1.67 kB
dist/apps/chat-ui/assets/q-B9NhS7L_.js                                   3.69 kB │ gzip:   1.69 kB
dist/apps/chat-ui/assets/swift-DKB6_1j6.js                               3.76 kB │ gzip:   1.81 kB
dist/apps/chat-ui/assets/coffeescript-De_zI4J0.js                        3.84 kB │ gzip:   1.69 kB
dist/apps/chat-ui/assets/fortran-Bt6PBEDR.js                             3.86 kB │ gzip:   1.93 kB
dist/apps/chat-ui/assets/asn1-DCl_8MCW.js                                3.97 kB │ gzip:   1.95 kB
dist/apps/chat-ui/assets/dylan-BCDoL_-p.js                               4.04 kB │ gzip:   1.63 kB
dist/apps/chat-ui/assets/asterisk-BEn0Cwpx.js                            4.05 kB │ gzip:   1.73 kB
dist/apps/chat-ui/assets/livescript-BXxG0Yva.js                          4.08 kB │ gzip:   1.62 kB
dist/apps/chat-ui/assets/ttcn-cfg-2b4Gb5sE.js                            4.09 kB │ gzip:   1.72 kB
dist/apps/chat-ui/assets/groovy-CUpZ7dEl.js                              4.12 kB │ gzip:   1.74 kB
dist/apps/chat-ui/assets/haskell-BRsoo5mP.js                             4.15 kB │ gzip:   1.91 kB
dist/apps/chat-ui/assets/gas-BHEdbvp9.js                                 4.55 kB │ gzip:   1.27 kB
dist/apps/chat-ui/assets/session-sidebar-helpers-BChX272P.js             4.70 kB │ gzip:   1.70 kB
dist/apps/chat-ui/assets/mllike-B45xgp2S.js                              4.82 kB │ gzip:   1.57 kB
dist/apps/chat-ui/assets/ttcn-PPSTk1ow.js                                4.84 kB │ gzip:   2.14 kB
dist/apps/chat-ui/assets/dist-CY8OOTvC.js                                4.89 kB │ gzip:   2.33 kB
dist/apps/chat-ui/assets/crystal-Bsdphhtm.js                             5.01 kB │ gzip:   2.10 kB
dist/apps/chat-ui/assets/ruby-BjXV7-Qa.js                                5.02 kB │ gzip:   2.14 kB
dist/apps/chat-ui/assets/ecl-BVIeWmwY.js                                 5.11 kB │ gzip:   2.30 kB
dist/apps/chat-ui/assets/julia-CQfgDRfP.js                               5.26 kB │ gzip:   2.16 kB
dist/apps/chat-ui/assets/vbscript-D9f6rSsU.js                            5.43 kB │ gzip:   2.56 kB
dist/apps/chat-ui/assets/mirc-C9zpzAZU.js                                5.91 kB │ gzip:   2.70 kB
dist/apps/chat-ui/assets/xquery-BKJx4mf9.js                              6.15 kB │ gzip:   2.57 kB
dist/apps/chat-ui/assets/cobol-DHLQUbN7.js                               6.19 kB │ gzip:   2.98 kB
dist/apps/chat-ui/assets/pibo-plugin-build-context.js                    6.20 kB │ gzip:   2.35 kB
dist/apps/chat-ui/assets/python-B_1Jd8HM.js                              6.27 kB │ gzip:   2.67 kB
dist/apps/chat-ui/assets/scheme-D9qYN0V5.js                              6.35 kB │ gzip:   2.37 kB
dist/apps/chat-ui/assets/responsive-pane-sidebar-BZgUVkGH.js             6.59 kB │ gzip:   2.63 kB
dist/apps/chat-ui/assets/pug-Gsm0M45u.js                                 6.64 kB │ gzip:   1.99 kB
dist/apps/chat-ui/assets/textile-C4jVoHG1.js                             6.74 kB │ gzip:   2.44 kB
dist/apps/chat-ui/assets/nsis-CfSuhXs5.js                                6.80 kB │ gzip:   2.99 kB
dist/apps/chat-ui/assets/runtime-request-panel-BiY8l8PK.js               7.35 kB │ gzip:   2.47 kB
dist/apps/chat-ui/assets/nginx-BMaDbqW3.js                               7.40 kB │ gzip:   2.73 kB
dist/apps/chat-ui/assets/session-tab-controller-Bt7XMhmJ.js              7.54 kB │ gzip:   2.88 kB
dist/apps/chat-ui/assets/powershell-BcIto6Sf.js                          7.69 kB │ gzip:   3.29 kB
dist/apps/chat-ui/assets/erlang-BV0c4Hdn.js                              7.84 kB │ gzip:   2.90 kB
dist/apps/chat-ui/assets/haxe-DjVOVvNP.js                                7.86 kB │ gzip:   2.94 kB
dist/apps/chat-ui/assets/verilog-7LoJAqYT.js                             8.18 kB │ gzip:   3.46 kB
dist/apps/chat-ui/assets/jsx-runtime-B-hcVAMW.js                         8.55 kB │ gzip:   3.26 kB
dist/apps/chat-ui/assets/session-live-preview-CGljjLZu.js                9.17 kB │ gzip:   3.23 kB
dist/apps/chat-ui/assets/sas-C2OyD2Y6.js                                 9.33 kB │ gzip:   4.11 kB
dist/apps/chat-ui/assets/clojure-BflJGmDX.js                             9.40 kB │ gzip:   4.02 kB
dist/apps/chat-ui/assets/perl-BkSkiI9m.js                                9.73 kB │ gzip:   3.50 kB
dist/apps/chat-ui/assets/idl-BUZw3wgd.js                                 9.82 kB │ gzip:   4.40 kB
dist/apps/chat-ui/assets/gherkin-oBAE_ms0.js                            10.15 kB │ gzip:   5.09 kB
dist/apps/chat-ui/assets/dist-CswnpKik.js                               11.52 kB │ gzip:   5.17 kB
dist/apps/chat-ui/assets/dist-XVYGiB-c.js                               14.27 kB │ gzip:   5.76 kB
dist/apps/chat-ui/assets/dist-B6dGMUyA.js                               16.19 kB │ gzip:   7.46 kB
dist/apps/chat-ui/assets/javascript-DoL9Wb-Q.js                         16.96 kB │ gzip:   5.72 kB
dist/apps/chat-ui/assets/api-chat-sessions-Cno3c_Ph.js                  18.96 kB │ gzip:   6.01 kB
dist/apps/chat-ui/assets/web-annotations-De2wMs18.js                    19.59 kB │ gzip:   6.13 kB
dist/apps/chat-ui/assets/dist-Te89Jm9W.js                               20.65 kB │ gzip:   9.32 kB
dist/apps/chat-ui/assets/dist-CfPDZthH.js                               20.91 kB │ gzip:   9.65 kB
dist/apps/chat-ui/assets/clike-D_6L3tnO.js                              22.05 kB │ gzip:   7.75 kB
dist/apps/chat-ui/assets/dist-CrZHjFYO.js                               22.92 kB │ gzip:  10.41 kB
dist/apps/chat-ui/assets/stylus-BOVgKnng.js                             23.51 kB │ gzip:   8.55 kB
dist/apps/chat-ui/assets/useQuery-DRUp4Z2f.js                           24.41 kB │ gzip:   8.11 kB
dist/apps/chat-ui/assets/css-CnaYoQib.js                                24.66 kB │ gzip:   8.25 kB
dist/apps/chat-ui/assets/pibo-plugin-remote-agent.js                    26.03 kB │ gzip:   6.59 kB
dist/apps/chat-ui/assets/dist-BwKUID3o.js                               26.80 kB │ gzip:  12.70 kB
dist/apps/chat-ui/assets/dist-U0l10Y9p.js                               28.49 kB │ gzip:  11.59 kB
dist/apps/chat-ui/assets/pibo-plugin-cron.js                            29.44 kB │ gzip:   8.08 kB
dist/apps/chat-ui/assets/dist-LCx98fA_.js                               30.68 kB │ gzip:  12.72 kB
dist/apps/chat-ui/assets/pibo-plugin-loops.js                           32.09 kB │ gzip:   8.50 kB
dist/apps/chat-ui/assets/dist-mpRGeo_R.js                               32.12 kB │ gzip:  13.01 kB
dist/apps/chat-ui/assets/dist-S3zJGntM.js                               35.03 kB │ gzip:  12.34 kB
dist/apps/chat-ui/assets/sql-DuQMFDvy.js                                36.83 kB │ gzip:  10.90 kB
dist/apps/chat-ui/assets/api-agent-designer-FiayIE2E.js                 38.79 kB │ gzip:  10.00 kB
dist/apps/chat-ui/assets/dist-DpF08Yd7.js                               40.67 kB │ gzip:  16.92 kB
dist/apps/chat-ui/assets/dist-DTeLDijr.js                               44.54 kB │ gzip:  19.31 kB
dist/apps/chat-ui/assets/dist-eddbbGyw.js                               70.75 kB │ gzip:  26.08 kB
dist/apps/chat-ui/assets/dist-BLjJsdBu.js                               84.58 kB │ gzip:  33.73 kB
dist/apps/chat-ui/assets/dist-CEmpwrZl.js                               97.70 kB │ gzip:  28.62 kB
dist/apps/chat-ui/assets/dist-DHvUPfrF.js                              103.86 kB │ gzip:  34.74 kB
dist/apps/chat-ui/assets/pibo-plugin-workflows.js                      302.26 kB │ gzip:  86.29 kB
dist/apps/chat-ui/assets/dist-CqM4On9D.js                              339.76 kB │ gzip: 109.69 kB
dist/apps/chat-ui/assets/MarkdownEditor-DxV1bUsF.js                    937.83 kB │ gzip: 299.63 kB
dist/apps/chat-ui/assets/app-BaC4k9aw.js                             1,266.28 kB │ gzip: 351.65 kB

[plugin builtin:vite-reporter]
(!) Some chunks are larger than 500 kB after minification. Consider:
- Using dynamic import() to code-split the application
- Use build.rolldownOptions.output.codeSplitting to improve chunking: https://rolldown.rs/reference/OutputOptions.codeSplitting
- Adjust chunk size limit for this warning via build.chunkSizeWarningLimit.
✓ built in 5.45s
[33m[PLUGIN_TIMINGS] [0mYour build spent 56% of 5.4s inside plugin hooks (3.0s).
Not measurable — 1 hook whose calls overlap, so elapsed time covers work other calls were doing. Profile with `node --cpu-prof`:
  - @tailwindcss/vite:generate:build transform (5 calls)
See https://rolldown.rs/reference/InputOptions.checks#plugintimings for more details.
